2025-11-29 15:04:37,590 - DEBUG - Waiting for first MPC observation data...
2025-11-29 15:04:37,690 - DEBUG - Waiting for first MPC observation data...
2025-11-29 15:04:37,791 - DEBUG - Waiting for first MPC observation data...
2025-11-29 15:04:37,891 - DEBUG - Waiting for first MPC observation data...
2025-11-29 15:04:37,991 - DEBUG - Waiting for first MPC observation data...
2025-11-29 15:04:38,091 - DEBUG - Waiting for first MPC observation data...
2025-11-29 15:04:38,191 - DEBUG - Waiting for first MPC observation data...
2025-11-29 15:04:38,292 - DEBUG - Waiting for first MPC observation data...
2025-11-29 15:04:38,392 - DEBUG - Waiting for first MPC observation data...
2025-11-29 15:04:38,492 - DEBUG - Waiting for first MPC observation data...
2025-11-29 15:04:38,592 - WARNING - Timeout waiting for MPC observation data
2025-11-29 15:05:33,816 - DEBUG - Waiting for first MPC observation data...
2025-11-29 15:05:33,922 - DEBUG - [State] Adding initial gait state: stance at time 40.67100000000217
2025-11-29 15:22:33,858 - DEBUG - Waiting for first MPC observation data...
2025-11-29 15:22:33,964 - DEBUG - [State] Adding initial gait state: stance at time 1058.6409999889731
2025-11-29 15:23:19,155 - DEBUG - Waiting for first MPC observation data...
2025-11-29 15:23:19,261 - DEBUG - [State] Adding initial gait state: stance at time 1103.480999987998
2025-11-29 15:28:13,439 - DEBUG - Waiting for first MPC observation data...
2025-11-29 15:28:13,543 - DEBUG - [State] Adding initial gait state: stance at time 1395.930999981573
2025-11-29 15:28:14,242 - DEBUG - [State] Received gait change message: walk at time 1396.7099609375
2025-11-29 15:28:14,336 - DEBUG - [State] Gait changed to: walk at time 1396.7109999815577
2025-11-29 15:28:16,308 - DEBUG - [State] Received gait change message: stance at time 1398.75
2025-11-29 15:28:16,384 - DEBUG - [State] Gait changed to: stance at time 1398.7509999815104
2025-11-29 15:28:18,965 - DEBUG - [State] Received gait change message: walk at time 1401.7900390625
2025-11-29 15:28:19,424 - DEBUG - [State] Gait changed to: walk at time 1401.790999981439
2025-11-29 15:28:28,068 - DEBUG - [State] Received gait change message: stance at time 1410.510009765625
2025-11-29 15:28:28,144 - DEBUG - [State] Gait changed to: stance at time 1410.5109999812335
2025-11-29 15:28:28,498 - DEBUG - [State] Received gait change message: stance at time 1410.969970703125
2025-11-29 15:28:29,271 - DEBUG - [State] Received gait change message: walk at time 1411.949951171875
2025-11-29 15:28:29,588 - DEBUG - [State] Gait changed to: walk at time 1411.9509999811999
2025-11-29 15:28:34,258 - DEBUG - [State] Received gait change message: stance at time 1417.010009765625
2025-11-29 15:28:34,655 - DEBUG - [State] Received gait change message: stance at time 1417.050048828125
2025-11-29 15:28:34,656 - DEBUG - [State] Gait changed to: stance at time 1417.010999981082
2025-11-29 15:28:37,227 - DEBUG - [State] Received gait change message: custom_gait at time 1420.5899658203125
2025-11-29 15:28:37,228 - DEBUG - [State] Received gait change message: stance at time 1421.8900146484375
2025-11-29 15:28:38,243 - DEBUG - [State] Gait changed to: custom_gait at time 1420.590999980998
2025-11-29 15:28:39,407 - DEBUG - [State] Received gait change message: stance at time 1422.3900146484375
2025-11-29 15:28:39,543 - DEBUG - [State] Gait changed to: stance at time 1421.8909999809675
2025-11-29 15:29:02,879 - DEBUG - [State] Received gait change message: walk at time 1445.3900146484375
2025-11-29 15:29:03,103 - DEBUG - [State] Gait changed to: walk at time 1445.3909999804223
2025-11-29 15:29:06,197 - DEBUG - [State] Received gait change message: stance at time 1448.5699462890625
2025-11-29 15:29:06,298 - DEBUG - [State] Gait changed to: stance at time 1448.57499998035
2025-11-29 15:29:06,621 - DEBUG - [State] Received gait change message: stance at time 1448.9599609375
2025-11-29 15:29:18,295 - DEBUG - [State] Received gait change message: walk at time 1460.989990234375
2025-11-29 15:29:18,778 - DEBUG - [State] Gait changed to: walk at time 1460.990999980082
2025-11-29 15:29:21,119 - DEBUG - [State] Received gait change message: stance at time 1463.5400390625
2025-11-29 15:29:21,334 - DEBUG - [State] Gait changed to: stance at time 1463.5409999800247
2025-11-29 15:29:27,002 - DEBUG - [State] Received gait change message: walk at time 1469.5899658203125
2025-11-29 15:29:27,407 - DEBUG - [State] Gait changed to: walk at time 1469.5909999798848
2025-11-29 15:29:36,125 - DEBUG - [State] Received gait change message: stance at time 1478.3800048828125
2025-11-29 15:29:36,218 - DEBUG - [State] Gait changed to: stance at time 1478.3809999796836
2025-11-29 15:29:36,344 - DEBUG - [State] Received gait change message: stance at time 1478.77001953125
2025-11-29 15:29:58,891 - DEBUG - [State] Received gait change message: walk at time 1501.31005859375
2025-11-29 15:29:59,291 - DEBUG - [State] Gait changed to: walk at time 1501.3109999791852
2025-11-29 15:30:06,364 - DEBUG - [State] Received gait change message: stance at time 1508.449951171875
2025-11-29 15:30:06,541 - DEBUG - [State] Gait changed to: stance at time 1508.4549999790345
2025-11-29 15:30:13,160 - DEBUG - [State] Received gait change message: walk at time 1515.489990234375
2025-11-29 15:30:13,624 - DEBUG - [State] Gait changed to: walk at time 1515.4909999788965
2025-11-29 15:30:15,920 - DEBUG - [State] Received gait change message: stance at time 1518.0400390625
2025-11-29 15:30:16,174 - DEBUG - [State] Gait changed to: stance at time 1518.040999978837
2025-11-29 15:30:18,604 - DEBUG - [State] Received gait change message: walk at time 1520.550048828125
2025-11-29 15:30:18,683 - DEBUG - [State] Gait changed to: walk at time 1520.550999978778
2025-11-29 15:30:27,358 - DEBUG - [State] Received gait change message: stance at time 1529.27001953125
2025-11-29 15:30:27,419 - DEBUG - [State] Gait changed to: stance at time 1529.2729999785747
2025-11-29 15:30:27,819 - DEBUG - [State] Received gait change message: stance at time 1529.72998046875
2025-11-29 15:30:28,570 - DEBUG - [State] Received gait change message: walk at time 1530.7099609375
2025-11-29 15:30:28,860 - DEBUG - [State] Gait changed to: walk at time 1530.7129999785411
2025-11-29 15:30:33,950 - DEBUG - [State] Received gait change message: stance at time 1535.8599853515625
2025-11-29 15:30:34,008 - DEBUG - [State] Gait changed to: stance at time 1535.8609999784233
2025-11-29 15:30:34,366 - DEBUG - [State] Received gait change message: stance at time 1536.3199462890625
2025-11-29 15:30:36,919 - DEBUG - [State] Received gait change message: custom_gait at time 1539.8499755859375
2025-11-29 15:30:36,919 - DEBUG - [State] Received gait change message: stance at time 1541.1500244140625
2025-11-29 15:30:37,998 - DEBUG - [State] Gait changed to: custom_gait at time 1539.8509999783296
2025-11-29 15:30:39,143 - DEBUG - [State] Received gait change message: stance at time 1541.6500244140625
2025-11-29 15:30:39,298 - DEBUG - [State] Gait changed to: stance at time 1541.1509999782988
2025-11-29 17:05:28,614 - ERROR - Service call failed: timeout exceeded while waiting for service /humanoid_get_current_gait_name
2025-11-29 17:05:28,614 - DEBUG - Waiting for first MPC observation data...
2025-11-29 17:05:28,715 - DEBUG - Waiting for first MPC observation data...
2025-11-29 17:05:28,815 - DEBUG - Waiting for first MPC observation data...
2025-11-29 17:05:28,915 - DEBUG - Waiting for first MPC observation data...
2025-11-29 17:05:29,015 - DEBUG - Waiting for first MPC observation data...
2025-11-29 17:05:29,116 - DEBUG - Waiting for first MPC observation data...
2025-11-29 17:05:29,216 - DEBUG - Waiting for first MPC observation data...
2025-11-29 17:05:29,316 - DEBUG - Waiting for first MPC observation data...
2025-11-29 17:05:29,416 - DEBUG - Waiting for first MPC observation data...
2025-11-29 17:05:29,517 - DEBUG - Waiting for first MPC observation data...
2025-11-29 17:05:29,617 - WARNING - Timeout waiting for MPC observation data
2025-11-29 17:05:30,820 - ERROR - [Error] get arm ctrl mode: timeout exceeded while waiting for service /humanoid_get_arm_ctrl_mode
2025-11-29 17:05:32,926 - ERROR - Failed to connect to service /get_mm_ctrl_frame: timeout exceeded while waiting for service /get_mm_ctrl_frame
2025-11-29 17:05:35,032 - ERROR - Failed to connect to service /mobile_manipulator_get_mpc_control_mode: timeout exceeded while waiting for service /mobile_manipulator_get_mpc_control_mode
2025-11-29 17:05:37,139 - ERROR - Failed to connect to service /get_mm_wbc_arm_trajectory_control: timeout exceeded while waiting for service /get_mm_wbc_arm_trajectory_control
2025-11-29 17:05:49,846 - ERROR - Service call failed: timeout exceeded while waiting for service /humanoid_get_current_gait_name
2025-11-29 17:05:49,847 - DEBUG - Waiting for first MPC observation data...
2025-11-29 17:05:49,947 - DEBUG - Waiting for first MPC observation data...
2025-11-29 17:05:50,047 - DEBUG - Waiting for first MPC observation data...
2025-11-29 17:05:50,147 - DEBUG - Waiting for first MPC observation data...
2025-11-29 17:05:50,247 - DEBUG - Waiting for first MPC observation data...
2025-11-29 17:05:50,348 - DEBUG - Waiting for first MPC observation data...
2025-11-29 17:05:50,448 - DEBUG - Waiting for first MPC observation data...
2025-11-29 17:05:50,548 - DEBUG - Waiting for first MPC observation data...
2025-11-29 17:05:50,648 - DEBUG - Waiting for first MPC observation data...
2025-11-29 17:05:50,749 - DEBUG - Waiting for first MPC observation data...
2025-11-29 17:05:50,849 - WARNING - Timeout waiting for MPC observation data
2025-11-29 17:05:52,053 - ERROR - [Error] get arm ctrl mode: timeout exceeded while waiting for service /humanoid_get_arm_ctrl_mode
2025-11-29 17:05:54,158 - ERROR - Failed to connect to service /get_mm_ctrl_frame: timeout exceeded while waiting for service /get_mm_ctrl_frame
2025-11-29 17:05:56,265 - ERROR - Failed to connect to service /mobile_manipulator_get_mpc_control_mode: timeout exceeded while waiting for service /mobile_manipulator_get_mpc_control_mode
2025-11-29 17:05:58,371 - ERROR - Failed to connect to service /get_mm_wbc_arm_trajectory_control: timeout exceeded while waiting for service /get_mm_wbc_arm_trajectory_control
2025-11-29 19:28:11,224 - DEBUG - [Error]: Failed to get 'arm_dof' from ROS.
2025-11-29 19:28:25,693 - DEBUG - [Error]: Failed to get 'arm_dof' from ROS.
2025-12-01 09:48:28,842 - DEBUG - [Error]: Failed to get 'arm_dof' from ROS.
2025-12-01 09:49:06,153 - DEBUG - [Error]: Failed to get 'arm_dof' from ROS.
